// Jest Snapshot v1, https://goo.gl/fbAQLP

exports[`render correcyly 1`] = `
<div>
  artist
</div>
`;
